// Jest Snapshot v1, https://goo.gl/fbAQLP

exports[`[object Object] 1`] = `
<div>
  height: 
  <strong>
    150
  </strong>
  <br />
  mass: 
  <strong>
    49
  </strong>
  <br />
  hair color: 
  <strong>
    brown
  </strong>
  <br />
  skin color: 
  <strong>
    light
  </strong>
  <br />
  eye color: 
  <strong>
    brown
  </strong>
  <br />
</div>
`;
