// Jest Snapshot v1, https://goo.gl/fbAQLP

exports[`[object Object] 1`] = `
<div
  className="MuiPaper-root-4 MuiPaper-elevation2-8 MuiPaper-rounded-5 ListItem-card-1"
>
  <div
    className="MuiCardContent-root-31 ListItem-cardContent-2"
  >
    <div
      className="MuiCardActions-root-32 ListItem-cardActions-3"
    >
      <button
        aria-label="Add to favorites"
        className="MuiButtonBase-root-40 MuiIconButton-root-34 MuiCardActions-action-33"
        disabled={false}
        onBlur={[Function]}
        onFocus={[Function]}
        onKeyDown={[Function]}
        onKeyUp={[Function]}
        onMouseDown={[Function]}
        onMouseLeave={[Function]}
        onMouseUp={[Function]}
        onTouchEnd={[Function]}
        onTouchMove={[Function]}
        onTouchStart={[Function]}
        tabIndex="0"
        type="button"
      >
        <span
          className="MuiIconButton-label-39"
        >
          <svg
            aria-hidden="true"
            className="MuiSvgIcon-root-42"
            color={undefined}
            focusable="false"
            viewBox="0 0 24 24"
          >
            <path
              d="M12 21.35l-1.45-1.32C5.4 15.36 2 12.28 2 8.5 2 5.42 4.42 3 7.5 3c1.74 0 3.41.81 4.5 2.09C13.09 3.81 14.76 3 16.5 3 19.58 3 22 5.42 22 8.5c0 3.78-3.4 6.86-8.55 11.54L12 21.35z"
            />
          </svg>
        </span>
        <span
          className="MuiTouchRipple-root-48"
        />
      </button>
      <a
        aria-label="Link"
        className="MuiButtonBase-root-40 MuiIconButton-root-34 MuiCardActions-action-33"
        href="/people/leia-organa/5"
        onBlur={[Function]}
        onClick={[Function]}
        onFocus={[Function]}
        onKeyDown={[Function]}
        onKeyUp={[Function]}
        onMouseDown={[Function]}
        onMouseLeave={[Function]}
        onMouseUp={[Function]}
        onTouchEnd={[Function]}
        onTouchMove={[Function]}
        onTouchStart={[Function]}
        role="button"
        tabIndex="0"
      >
        <span
          className="MuiIconButton-label-39"
        >
          <svg
            aria-hidden="true"
            className="MuiSvgIcon-root-42"
            color={undefined}
            focusable="false"
            viewBox="0 0 24 24"
          >
            <path
              d="M3.9 12c0-1.71 1.39-3.1 3.1-3.1h4V7H7c-2.76 0-5 2.24-5 5s2.24 5 5 5h4v-1.9H7c-1.71 0-3.1-1.39-3.1-3.1zM8 13h8v-2H8v2zm9-6h-4v1.9h4c1.71 0 3.1 1.39 3.1 3.1s-1.39 3.1-3.1 3.1h-4V17h4c2.76 0 5-2.24 5-5s-2.24-5-5-5z"
            />
          </svg>
        </span>
        <span
          className="MuiTouchRipple-root-48"
        />
      </a>
    </div>
  </div>
</div>
`;
