// Jest Snapshot v1, https://goo.gl/fbAQLP

exports[`[object Object] 1`] = `
<div>
  <button
    className="MuiButtonBase-root-9 MuiIconButton-root-3 BarUser-avatarButton-2"
    disabled={false}
    onBlur={[Function]}
    onFocus={[Function]}
    onKeyDown={[Function]}
    onKeyUp={[Function]}
    onMouseDown={[Function]}
    onMouseLeave={[Function]}
    onMouseUp={[Function]}
    onTouchEnd={[Function]}
    onTouchMove={[Function]}
    onTouchStart={[Function]}
    tabIndex="0"
    type="button"
  >
    <span
      className="MuiIconButton-label-8"
    >
      <div
        className="MuiAvatar-root-11 BarUser-avatar-1"
      >
        <img
          alt="Adelle Charles"
          className="MuiAvatar-img-13"
          sizes={undefined}
          src="https://randomuser.me/api/portraits/men/24.jpg"
          srcSet={undefined}
        />
      </div>
    </span>
    <span
      className="MuiTouchRipple-root-14"
    />
  </button>
</div>
`;
